// Jest Snapshot v1, https://goo.gl/fbAQLP

exports[`renders with or without a name 1`] = `"<div class=\\"card-body m-0\\"></div>"`;

exports[`renders with or without a name 2`] = `"<div class=\\"card-body m-0\\"><div class=\\"mb-2\\"><h6 class=\\"card-subtitle my-2 text-muted\\">email 1.1</h6><h5 class=\\"card-title\\">title 1.1</h5><p class=\\"card-text\\">body 1.1</p></div></div>"`;

exports[`renders with or without a name 3`] = `"<div class=\\"card-body m-0\\"><div class=\\"mb-2\\"><h6 class=\\"card-subtitle my-2 text-muted\\">email 1.1</h6><h5 class=\\"card-title\\">title 1.1</h5><p class=\\"card-text\\">body 1.1</p></div><div class=\\"border-top mb-2\\"><h6 class=\\"card-subtitle my-2 text-muted\\">email 1.2</h6><h5 class=\\"card-title\\">title 1.2</h5><p class=\\"card-text\\">body 1.2</p></div></div>"`;
