// Jest Snapshot v1, https://goo.gl/fbAQLP

exports[`renders correctly 1`] = `"<div class=\\"mb-2\\"><h6 title=\\"email 1.1\\" class=\\"card-subtitle my-2 text-muted line-clamp-1\\">email 1.1</h6><h5 title=\\"title 1.1\\" class=\\"card-title  line-clamp-1\\">title 1.1</h5><p title=\\"body 1.1\\" class=\\"card-text  line-clamp-1\\">body 1.1</p></div>"`;

exports[`renders correctly 2`] = `"<div class=\\"mb-2 border-top\\"><h6 title=\\"email 1.1\\" class=\\"card-subtitle my-2 text-muted line-clamp-1\\">email 1.1</h6><h5 title=\\"title 1.1\\" class=\\"card-title  line-clamp-1\\">title 1.1</h5><p title=\\"body 1.1\\" class=\\"card-text  line-clamp-1\\">body 1.1</p></div>"`;
