// Jest Snapshot v1, https://goo.gl/fbAQLP

exports[`renders PostUser manually 1`] = `"<h6 title=\\"Author could not be found!\\" class=\\"card-subtitle mb-2 text-muted line-clamp-1\\">Author could not be found!</h6>"`;

exports[`renders PostUser manually 2`] = `"<h6 title=\\"Author is loading...\\" class=\\"card-subtitle mb-2 text-muted line-clamp-1\\">Author is loading...</h6>"`;

exports[`renders PostUser manually 3`] = `"<h6 title=\\"Leanne Graham\\" class=\\"card-subtitle mb-2 text-muted line-clamp-1\\">Leanne Graham</h6>"`;
